// Jest Snapshot v1, https://goo.gl/fbAQLP

exports[`hidden view renders to match snapshot 1`] = `
<DocumentFragment>
  <div
    class="Stats Stats-Container"
  >
    <div
      class="Stats Stats-Visual"
      data-testid="stats-ribbon-hidden"
      style="justify-content: center;"
    >
      ◀
    </div>
  </div>
</DocumentFragment>
`;

exports[`initial view renders to match snapshot 1`] = `
<DocumentFragment>
  <div
    class="Stats Stats-Visual Stats-Container"
    data-testid="stats-ribbon"
  >
    <div
      class="Stats"
      style="width: 10%;"
    >
      <div
        style="font-size: 10px; display: flex; flex-direction: column;"
      >
        <div>
          Window Size
        </div>
        <div>
          1024 x 768
        </div>
      </div>
    </div>
  </div>
</DocumentFragment>
`;
