// Jest Snapshot v1, https://goo.gl/fbAQLP

exports[`renders to match snapshot 1`] = `
<a
  href="https://github.com/atb-brown/guest-book/edit/main/guests.json"
  style={
    {
      "alignItems": "center",
      "alignSelf": "flex-end",
      "backgroundColor": "rebeccapurple",
      "borderBottomLeftRadius": 15,
      "borderBottomRightRadius": 15,
      "borderTopLeftRadius": 15,
      "color": "white",
      "display": "flex",
      "fontSize": "80%",
      "height": "85px",
      "justifyContent": "center",
      "textDecoration": "none",
      "width": "15%",
    }
  }
>
  Sign my guest book!
</a>
`;
