// Jest Snapshot v1, https://goo.gl/fbAQLP

exports[`renders to match snapshot 1`] = `
<div>
  <div>
    description Field
  </div>
  <div>
    <a
      className="App-link"
      href="https://example.com"
    >
      linkId Field
    </a>
  </div>
  <div
    className="App-soft-text"
  >
    Issued by: 
    <a
      className="App-link"
      href=""
    />
  </div>
  <br />
</div>
`;
