// Jest Snapshot v1, https://goo.gl/fbAQLP

exports[`renders to match snapshot 1`] = `
<DocumentFragment>
  <div
    class="App"
    style="max-height: 768px; max-width: 1024px; min-height: 768px; min-width: 1024px;"
  >
    <header
      class="App-header"
    >
      <div
        class="Stats Stats-Visual Stats-Container clickable"
        data-testid="stats-ribbon"
      >
        <div
          class="Stats"
          style="width: 10%;"
        >
          <div>
             | 
          </div>
          <div
            style="display: flex; flex-direction: column; font-size: 50%;"
          >
            <div>
              Browser
            </div>
            <div>
              WebKit
            </div>
          </div>
          <div>
             | 
          </div>
          <div
            style="display: flex; flex-direction: column; font-size: 40%;"
          >
            <div>
              Window Size
            </div>
            <div>
              1024 x 768
            </div>
          </div>
        </div>
      </div>
      <div
        style="display: flex; width: 100%;"
      >
        <img
          alt="logo"
          class="App-logo disable-text-selection"
          src="[object Object]"
        />
        <div>
          Austin's React Website
          <br />
          <a
            class="App-link"
            href="https://github.com/atb-brown/austin"
          >
            (see the source code)
          </a>
        </div>
      </div>
      <div
        style="display: flex; width: 100%;"
      >
        <div
          style="display: flex; flex: 1;"
        >
          <div
            style="align-items: center; display: flex; flex: 1; flex-direction: column;"
          >
            <h1>
              Links
            </h1>
            <div
              class="App-text"
            >
              <div>
                GitHub
              </div>
              <div>
                <a
                  class="App-link"
                  href="https://github.com/atb-brown"
                >
                  atb-brown
                </a>
              </div>
              <br />
            </div>
            <div
              class="App-text"
            >
              <div>
                StackOverflow
              </div>
              <div>
                <a
                  class="App-link"
                  href="https://stackoverflow.com/users/5476186/austin-brown"
                >
                  5476186/austin-brown
                </a>
              </div>
              <br />
            </div>
            <div
              class="App-text"
            >
              <div>
                LinkedIn
              </div>
              <div>
                <a
                  class="App-link"
                  href="https://www.linkedin.com/in/austin-brown-06382a12a/"
                >
                  austin-brown-06382a12a
                </a>
              </div>
              <br />
            </div>
            <div
              class="App-text"
            >
              <div>
                Scrum Master Certification
              </div>
              <div>
                <a
                  class="App-link"
                  href="https://bcert.me/sixkczuof"
                >
                  sixkczuof
                </a>
              </div>
              <div
                class="App-soft-text"
              >
                Issued by: 
                <a
                  class="App-link"
                  href="https://www.scrumalliance.org/"
                >
                  Scrum Alliance, Inc.
                </a>
              </div>
              <br />
            </div>
            <div
              class="App-text"
            >
              <div>
                SAFe 5 Scrum Master Certification
              </div>
              <div>
                <a
                  class="App-link"
                  href="https://www.credly.com/badges/18e3c923-956c-4525-b857-5f9c0dfb9713/public_url"
                >
                  18e3c923-956c-4525-b857-5f9c0dfb9713
                </a>
              </div>
              <div
                class="App-soft-text"
              >
                Issued by: 
                <a
                  class="App-link"
                  href="https://scaledagile.com/"
                >
                  Scaled Agile, Inc.
                </a>
              </div>
              <br />
            </div>
          </div>
        </div>
        <div
          style="display: flex; flex: 3;"
        >
          <div
            style="align-items: center; display: flex; flex: 1; flex-direction: column; gap: 10px; justify-content: center; width: 100%;"
          >
            <div
              style="align-items: center; display: flex; flex: 1; flex-direction: row; justify-content: space-evenly; width: 100%;"
            >
              <div
                class="clickable"
                data-testid="remember-me"
                style="align-items: center; border-radius: 10px; display: flex; font-size: 50%; height: 60px; justify-content: center; width: 25%;"
                title="This component allows the site to remember a user. It's an exercise in handling cookies and component state!"
              >
                Click me if you want me to remember you!
              </div>
              <div
                class="disable-text-selection clickable"
                data-testid="counter"
                style="align-items: center; border-radius: 10px; display: flex; font-size: 20px; height: 60px; justify-content: center; width: 25%;"
                title="This component counts the number of times it has been clicked. It's an exercise in handling clicks, component state, and cookie management!"
              >
                0
              </div>
            </div>
            <div
              style="align-items: center; display: flex; flex: 8; flex-direction: column; justify-content: center; width: 95%;"
            >
              <div
                data-testid="guest-book"
                style="display: flex; flex-direction: column; gap: 3px; min-height: 50%; width: 99%;"
                title="This component displays everyone who has signed my guest book. It's an exercise in HTTP requests and dependency injection!"
              >
                <div
                  style="border-bottom-left-radius: 15px; border-top-left-radius: 15px; border-top-right-radius: 15px; display: flex; height: 85px; overflow: hidden; width: 100%;"
                >
                  <div
                    class="Guests-Visual"
                    style="flex: 2; flex-direction: column; justify-content: space-evenly;"
                  >
                    <div
                      class="Guests-Text-container"
                      style="font-size: 75%;"
                    >
                      austin
                    </div>
                    <div
                      class="Guests-Text-container"
                      style="font-size: 50%; justify-content: center;"
                    >
                      <a
                        href="www.example.com"
                      >
                        www.example.com
                      </a>
                    </div>
                  </div>
                  <div
                    class="Guests-Visual Guests-Text-Container"
                    style="flex: 7; margin-left: 3px; margin-right: 3px;"
                  >
                    <div
                      class="Guests-Text-Container"
                      style="font-size: 75%; height: 100%; width: 98%;"
                    >
                      info loaded
                    </div>
                  </div>
                  <div
                    class="Guests-Visual Guests-Text-Container"
                    style="flex: 1; font-size: 60%;"
                  >
                    2023
                  </div>
                </div>
                <a
                  class="clickable"
                  href="https://github.com/atb-brown/guest-book/edit/main/guests.json"
                  style="align-items: center; align-self: flex-end; border-bottom-left-radius: 15px; border-bottom-right-radius: 15px; border-top-left-radius: 15px; color: white; display: flex; font-size: 80%; height: 85px; justify-content: center; text-decoration: none; width: 15%;"
                >
                  Sign my guest book!
                </a>
              </div>
            </div>
          </div>
        </div>
      </div>
      <div
        style="align-items: flex-end; display: flex; flex-direction: column; justify-content: flex-end; margin-right: 3%; width: 100%;"
      >
        <div
          class="App-soft-text"
          style="font-size: 20px; padding-left: 50px;"
        >
          <a
            class="App-link"
            href="https://github.com/atb-brown/austin/commit/5c8514a96194e6271d4e8e7f234499ee4e95ab3d"
          >
            Initialized
          </a>
           using 
          <a
            class="App-link"
            href="https://create-react-app.dev/"
          >
            create-react-app
          </a>
           
        </div>
        <div
          class="App-soft-text"
          style="font-size: 20px;"
        >
          This website is deployed by borrowing the incredible efforts of the 
          <a
            class="App-link"
            href="https://github.com/gitname/react-gh-pages/graphs/contributors"
          >
            react-gh-pages contributors
          </a>
          .
        </div>
      </div>
    </header>
  </div>
</DocumentFragment>
`;
