// Jest Snapshot v1, https://goo.gl/fbAQLP

exports[`renders to match snapshot 1`] = `
<div
  style={
    {
      "alignItems": "flex-end",
      "display": "flex",
      "flexDirection": "column",
      "justifyContent": "flex-end",
      "marginRight": "3%",
      "width": "100%",
    }
  }
>
  <div
    className="App-soft-text"
    style={
      {
        "fontSize": 20,
        "paddingLeft": 50,
      }
    }
  >
    <a
      className="App-link"
      href="https://github.com/atb-brown/austin/commit/5c8514a96194e6271d4e8e7f234499ee4e95ab3d"
    >
      Initialized
    </a>
     using 
    <a
      className="App-link"
      href="https://create-react-app.dev/"
    >
      create-react-app
    </a>
     
  </div>
  <div
    className="App-soft-text"
    style={
      {
        "fontSize": 20,
      }
    }
  >
    This website is deployed by borrowing the incredible efforts of the 
    <a
      className="App-link"
      href="https://github.com/gitname/react-gh-pages/graphs/contributors"
    >
      react-gh-pages contributors
    </a>
    .
  </div>
</div>
`;
