// Jest Snapshot v1, https://goo.gl/fbAQLP

exports[`renders to match snapshot 1`] = `
<div
  style={
    {
      "display": "flex",
      "width": "100%",
    }
  }
>
  <img
    alt="logo"
    className="App-logo disable-text-selection"
    src={{}}
  />
  <div>
    Austin's React Website
    <br />
    <a
      className="App-link"
      href="https://github.com/atb-brown/austin"
    >
      (see the source code)
    </a>
  </div>
</div>
`;
