// Jest Snapshot v1, https://goo.gl/fbAQLP

exports[`renders to match snapshot 1`] = `
<DocumentFragment>
  <div
    style="width: 100%; flex: 1; display: flex; flex-direction: column; align-items: center; justify-content: center; gap: 10px;"
  >
    <div
      style="width: 100%; flex: 1; display: flex; flex-direction: column; align-items: center; justify-content: center;"
    >
      <div
        class="disable-text-selection"
        data-testid="counter"
        style="display: flex; font-size: 20px; background-color: steelblue; align-items: center; justify-content: center; width: 25%; height: 60px; border-radius: 10px;"
        title="This component counts the number of times it has been clicked. It's an exercise in handling clicks and component state!"
      >
        0
      </div>
    </div>
    <div
      style="width: 100%; flex: 8; display: flex; flex-direction: column; align-items: center; justify-content: center;"
    >
      <div
        data-testid="guest-book"
        style="display: flex; min-height: 50%; width: 99%; flex-direction: column; gap: 3px;"
      >
        <div
          style="display: flex; width: 95%; height: 85px;"
        >
          <div
            class="Guests-Visual"
            style="flex: 2; flex-direction: column; border-top-left-radius: 15px; border-bottom-left-radius: 15px; justify-content: space-evenly;"
          >
            <div
              class="Guests-Text-container"
              style="font-size: 75%;"
            >
              austin
            </div>
            <div
              class="Guests-Text-container"
              style="font-size: 50%;"
            >
              www.example.com
            </div>
          </div>
          <div
            class="Guests-Visual Guests-Text-Container"
            style="flex: 7; margin-left: 3px; margin-right: 3px;"
          >
            <div
              class="Guests-Text-Container"
              style="font-size: 75%; height: 100%; width: 98%;"
            >
              info loaded
            </div>
          </div>
          <div
            class="Guests-Visual Guests-Text-Container"
            style="flex: 1; font-size: 60%; border-top-right-radius: 15px; border-bottom-right-radius: 15px;"
          >
            2023
          </div>
        </div>
      </div>
    </div>
  </div>
</DocumentFragment>
`;
