// Jest Snapshot v1, https://goo.gl/fbAQLP

exports[`renders to match snapshot 1`] = `
<DocumentFragment>
  <div
    style="align-items: center; display: flex; flex: 1; flex-direction: column; gap: 10px; justify-content: center; width: 100%;"
  >
    <div
      style="align-items: center; display: flex; flex: 1; flex-direction: column; justify-content: center; width: 100%;"
    >
      <div
        class="disable-text-selection"
        data-testid="counter"
        style="align-items: center; background-color: steelblue; border-radius: 10px; display: flex; font-size: 20px; height: 60px; justify-content: center; width: 25%;"
        title="This component counts the number of times it has been clicked. It's an exercise in handling clicks and component state!"
      >
        0
      </div>
    </div>
    <div
      style="align-items: center; display: flex; flex: 8; flex-direction: column; justify-content: center; width: 95%;"
    >
      <div
        data-testid="guest-book"
        style="display: flex; flex-direction: column; gap: 3px; min-height: 50%; width: 99%;"
        title="This component displays everyone who has signed my guest book. It's an exercise in HTTP requests and dependency injection!"
      >
        <div
          style="border-bottom-left-radius: 15px; border-top-left-radius: 15px; border-top-right-radius: 15px; display: flex; height: 85px; overflow: hidden; width: 100%;"
        >
          <div
            class="Guests-Visual"
            style="flex: 2; flex-direction: column; justify-content: space-evenly;"
          >
            <div
              class="Guests-Text-container"
              style="font-size: 75%;"
            >
              austin
            </div>
            <div
              class="Guests-Text-container"
              style="font-size: 50%; justify-content: center;"
            >
              www.example.com
            </div>
          </div>
          <div
            class="Guests-Visual Guests-Text-Container"
            style="flex: 7; margin-left: 3px; margin-right: 3px;"
          >
            <div
              class="Guests-Text-Container"
              style="font-size: 75%; height: 100%; width: 98%;"
            >
              info loaded
            </div>
          </div>
          <div
            class="Guests-Visual Guests-Text-Container"
            style="flex: 1; font-size: 60%;"
          >
            2023
          </div>
        </div>
        <a
          href="https://github.com/atb-brown/guest-book/edit/main/guests.json"
          style="align-items: center; align-self: flex-end; background-color: rebeccapurple; border-bottom-left-radius: 15px; border-bottom-right-radius: 15px; border-top-left-radius: 15px; color: white; display: flex; font-size: 80%; height: 85px; justify-content: center; text-decoration: none; width: 15%;"
        >
          Sign my guest book!
        </a>
      </div>
    </div>
  </div>
</DocumentFragment>
`;
